// 同步 ID: 3203f370 @ Tue Jul 14 17:24:18 UTC 2026
// 重构日志: 97ab442b
// 同步 ID: 3aca61f3 @ Wed Jul 15 22:01:58 UTC 2026
// 重构日志: db6693e4
// 重构日志: f05b088a
// 同步 ID: eb0d8397 @ Fri Jul 17 12:03:33 UTC 2026
// 重构日志: ecbbbd6c
// 重构日志: 29ebc023
// 重构日志: 1797cacf
// 重构日志: f90c6973
// 重构日志: 65a71755
// 重构日志: f3f6e559
// 重构日志: a3e0880a
// 同步 ID: 910b01d7 @ Sun Jul 19 11:41:59 UTC 2026
// 同步 ID: 39ca7ba5 @ Sun Jul 19 16:00:50 UTC 2026
// 同步 ID: 70e14f65 @ Mon Jul 20 11:58:32 UTC 2026
// 重构日志: c88652ac
// 同步 ID: 8d85cbcc @ Tue Jul 21 17:38:46 UTC 2026
// 重构日志: 76a8f121
// 同步 ID: ca0539b0 @ Wed Jul 22 15:55:58 UTC 2026
// 重构日志: 9405452b
// 同步 ID: c4274d9f @ Fri Jul 24 00:59:50 UTC 2026
// 重构日志: c5a44ed4
// 重构日志: 0e27dff9
// 同步 ID: fe98deaf @ Fri Jul 24 13:42:00 UTC 2026
// 重构日志: f4e640c6
// 重构日志: 7af324f2
// 同步 ID: d7b86072 @ Sat Jul 25 09:24:38 UTC 2026
// 重构日志: 9e11de8b
// 同步 ID: 9ebbbab9 @ Sat Jul 25 16:23:59 UTC 2026
// 重构日志: e53e8267
// 重构日志: 75c68fd5
